C51 COMPILER V9.54   MAIN                                                                  01/03/2026 15:45:00 PAGE 1   


C51 COMPILER V9.54, COMPILATION OF MODULE MAIN
OBJECT MODULE PLACED IN .\Objects\main.obj
COMPILER INVOKED BY: D:\keil5\k\C51\BIN\C51.EXE main.c OPTIMIZE(8,SPEED) BROWSE DEBUG OBJECTEXTEND PRINT(.\Listings\main
                    -.lst) TABS(2) OBJECT(.\Objects\main.obj)

line level    source

   1          //电脑向单片机发送数据
   2          #include <REGX52.H>
   3          
   4          void Delay(unsigned int a);
   5          void nixie(unsigned char a,b);
   6          void UART_Init();
   7          void UART_Routine();
   8          void UART_SendByte(unsigned char Byte);
   9          
  10          unsigned int a;
  11          
  12          void main()
  13          { 
  14   1        
  15   1        UART_Init();
  16   1        while(1)
  17   1        {
  18   2      
  19   2        }
  20   1      }
  21          
  22          void UART_SendByte(unsigned int Byte)//发送数据
  23          {
*** WARNING C235 IN LINE 23 OF main.c: parameter 1: different types
  24   1        SBUF=Byte;
  25   1        while(TI==0);//如果数据比较多,会发送一段时间,期间TI=0,当发送完成是变为1
  26   1        TI=0;//重置TI,为下一次做准备
  27   1      }
  28          
  29          //串口中断函数模板
  30          void UART_Routine() interrupt 4
  31          {
  32   1        if(RI == 1)//中断分为两种,发送中断和接收中断,接收中断为1
  33   1        {
  34   2          P2 = SBUF;
  35   2          UART_SendByte('<');
  36   2          RI = 0;
  37   2        }
  38   1      }
  39          
  40          void UART_Init()//配置寄存器
  41          {
  42   1        SCON = 0x50;
  43   1        PCON &= 0x7F;
  44   1        TMOD &= 0x0F;     //设置定时器模式
  45   1        TMOD |= 0x20;     //设置定时器模式
  46   1        TL1 = 0xFA;     //设置定时初始值
  47   1        TH1 = 0xFA;     //设置定时重载值
  48   1        ET1 = 0;      //禁止定时器中断
  49   1        TR1 = 1;      //定时器1开始计时
  50   1        EA  = 1;
  51   1        ES = 1;
  52   1      } 
  53          
C51 COMPILER V9.54   MAIN                                                                  01/03/2026 15:45:00 PAGE 2   

  54          void Delay(unsigned int a)
  55          {
  56   1        unsigned char i,j;
  57   1      
  58   1        while(a)
  59   1        {
  60   2          i = 4;
  61   2          j = 239;
  62   2          do
  63   2          {
  64   3            while(--j);
  65   3          }while(--i);
  66   2          a--;
  67   2        }
  68   1      }


MODULE INFORMATION:   STATIC OVERLAYABLE
   CODE SIZE        =     91    ----
   CONSTANT SIZE    =   ----    ----
   XDATA SIZE       =   ----    ----
   PDATA SIZE       =   ----    ----
   DATA SIZE        =      2    ----
   IDATA SIZE       =   ----    ----
   BIT SIZE         =   ----    ----
END OF MODULE INFORMATION.


C51 COMPILATION COMPLETE.  1 WARNING(S),  0 ERROR(S)
